Archive member included to satisfy reference by file (symbol)

/Users/melrose/Library/Application Support/Pebble SDK/SDKs/current/sdk-core/pebble/aplite/lib/libpebble.a(tmp7jpKUopebble.o)
                              src/c/pebble-sonos-controller.c.33.o (app_event_loop)
/nix/store/0w054nmny8r8c0wdl8r9zih411vi95h4-newlib-arm-none-eabi-4.3.0.20230120/arm-none-eabi/lib/libc.a(libc_a-exit.o)
                              /nix/store/0w054nmny8r8c0wdl8r9zih411vi95h4-newlib-arm-none-eabi-4.3.0.20230120/arm-none-eabi/lib/crt0.o (exit)
/nix/store/0w054nmny8r8c0wdl8r9zih411vi95h4-newlib-arm-none-eabi-4.3.0.20230120/arm-none-eabi/lib/libc.a(libc_a-findfp.o)
                              /nix/store/0w054nmny8r8c0wdl8r9zih411vi95h4-newlib-arm-none-eabi-4.3.0.20230120/arm-none-eabi/lib/libc.a(libc_a-exit.o) (__stdio_exit_handler)
/nix/store/0w054nmny8r8c0wdl8r9zih411vi95h4-newlib-arm-none-eabi-4.3.0.20230120/arm-none-eabi/lib/libc.a(libc_a-fwalk.o)
                              /nix/store/0w054nmny8r8c0wdl8r9zih411vi95h4-newlib-arm-none-eabi-4.3.0.20230120/arm-none-eabi/lib/libc.a(libc_a-findfp.o) (_fwalk_sglue)
/nix/store/0w054nmny8r8c0wdl8r9zih411vi95h4-newlib-arm-none-eabi-4.3.0.20230120/arm-none-eabi/lib/libc.a(libc_a-stdio.o)
                              /nix/store/0w054nmny8r8c0wdl8r9zih411vi95h4-newlib-arm-none-eabi-4.3.0.20230120/arm-none-eabi/lib/libc.a(libc_a-findfp.o) (__sread)
/nix/store/0w054nmny8r8c0wdl8r9zih411vi95h4-newlib-arm-none-eabi-4.3.0.20230120/arm-none-eabi/lib/libc.a(libc_a-closer.o)
                              /nix/store/0w054nmny8r8c0wdl8r9zih411vi95h4-newlib-arm-none-eabi-4.3.0.20230120/arm-none-eabi/lib/libc.a(libc_a-stdio.o) (_close_r)
/nix/store/0w054nmny8r8c0wdl8r9zih411vi95h4-newlib-arm-none-eabi-4.3.0.20230120/arm-none-eabi/lib/libc.a(libc_a-reent.o)
                              /nix/store/0w054nmny8r8c0wdl8r9zih411vi95h4-newlib-arm-none-eabi-4.3.0.20230120/arm-none-eabi/lib/libc.a(libc_a-closer.o) (errno)
/nix/store/0w054nmny8r8c0wdl8r9zih411vi95h4-newlib-arm-none-eabi-4.3.0.20230120/arm-none-eabi/lib/libc.a(libc_a-impure.o)
                              /nix/store/0w054nmny8r8c0wdl8r9zih411vi95h4-newlib-arm-none-eabi-4.3.0.20230120/arm-none-eabi/lib/libc.a(libc_a-reent.o) (_impure_ptr)
/nix/store/0w054nmny8r8c0wdl8r9zih411vi95h4-newlib-arm-none-eabi-4.3.0.20230120/arm-none-eabi/lib/libc.a(libc_a-lseekr.o)
                              /nix/store/0w054nmny8r8c0wdl8r9zih411vi95h4-newlib-arm-none-eabi-4.3.0.20230120/arm-none-eabi/lib/libc.a(libc_a-stdio.o) (_lseek_r)
/nix/store/0w054nmny8r8c0wdl8r9zih411vi95h4-newlib-arm-none-eabi-4.3.0.20230120/arm-none-eabi/lib/libc.a(libc_a-readr.o)
                              /nix/store/0w054nmny8r8c0wdl8r9zih411vi95h4-newlib-arm-none-eabi-4.3.0.20230120/arm-none-eabi/lib/libc.a(libc_a-stdio.o) (_read_r)
/nix/store/0w054nmny8r8c0wdl8r9zih411vi95h4-newlib-arm-none-eabi-4.3.0.20230120/arm-none-eabi/lib/libc.a(libc_a-writer.o)
                              /nix/store/0w054nmny8r8c0wdl8r9zih411vi95h4-newlib-arm-none-eabi-4.3.0.20230120/arm-none-eabi/lib/libc.a(libc_a-stdio.o) (_write_r)
/nix/store/0w054nmny8r8c0wdl8r9zih411vi95h4-newlib-arm-none-eabi-4.3.0.20230120/arm-none-eabi/lib/libc.a(libc_a-init.o)
                              /nix/store/0w054nmny8r8c0wdl8r9zih411vi95h4-newlib-arm-none-eabi-4.3.0.20230120/arm-none-eabi/lib/crt0.o (__libc_init_array)
/nix/store/0w054nmny8r8c0wdl8r9zih411vi95h4-newlib-arm-none-eabi-4.3.0.20230120/arm-none-eabi/lib/libc.a(libc_a-lock.o)
                              /nix/store/0w054nmny8r8c0wdl8r9zih411vi95h4-newlib-arm-none-eabi-4.3.0.20230120/arm-none-eabi/lib/libc.a(libc_a-findfp.o) (__retarget_lock_init_recursive)
/nix/store/0w054nmny8r8c0wdl8r9zih411vi95h4-newlib-arm-none-eabi-4.3.0.20230120/arm-none-eabi/lib/libc.a(libc_a-freer.o)
                              /nix/store/0w054nmny8r8c0wdl8r9zih411vi95h4-newlib-arm-none-eabi-4.3.0.20230120/arm-none-eabi/lib/libc.a(libc_a-reent.o) (_free_r)
/nix/store/0w054nmny8r8c0wdl8r9zih411vi95h4-newlib-arm-none-eabi-4.3.0.20230120/arm-none-eabi/lib/libc.a(libc_a-mallocr.o)
                              /nix/store/0w054nmny8r8c0wdl8r9zih411vi95h4-newlib-arm-none-eabi-4.3.0.20230120/arm-none-eabi/lib/libc.a(libc_a-findfp.o) (_malloc_r)
/nix/store/0w054nmny8r8c0wdl8r9zih411vi95h4-newlib-arm-none-eabi-4.3.0.20230120/arm-none-eabi/lib/libc.a(libc_a-mlock.o)
                              /nix/store/0w054nmny8r8c0wdl8r9zih411vi95h4-newlib-arm-none-eabi-4.3.0.20230120/arm-none-eabi/lib/libc.a(libc_a-freer.o) (__malloc_lock)
/nix/store/0w054nmny8r8c0wdl8r9zih411vi95h4-newlib-arm-none-eabi-4.3.0.20230120/arm-none-eabi/lib/libc.a(libc_a-fflush.o)
                              /nix/store/0w054nmny8r8c0wdl8r9zih411vi95h4-newlib-arm-none-eabi-4.3.0.20230120/arm-none-eabi/lib/libc.a(libc_a-findfp.o) (_fflush_r)
/nix/store/0w054nmny8r8c0wdl8r9zih411vi95h4-newlib-arm-none-eabi-4.3.0.20230120/arm-none-eabi/lib/libc.a(libc_a-sbrkr.o)
[...]
Memory Configuration

Name             Origin             Length             Attributes
APP              0x00000000         0x00006000         xrw
*default*        0x00000000         0xffffffff

Linker script and memory map

LOAD /nix/store/q4jim3b08wraad80bnjih7wh7zb0k5ld-arm-none-eabi-gcc-13.3.0/lib/gcc/arm-none-eabi/13.3.0/crti.o
LOAD /nix/store/q4jim3b08wraad80bnjih7wh7zb0k5ld-arm-none-eabi-gcc-13.3.0/lib/gcc/arm-none-eabi/13.3.0/crtbegin.o
LOAD /nix/store/0w054nmny8r8c0wdl8r9zih411vi95h4-newlib-arm-none-eabi-4.3.0.20230120/arm-none-eabi/lib/crt0.o
LOAD src/c/pebble-sonos-controller.c.33.o
LOAD aplite/appinfo.auto.c.33.o
LOAD aplite/src/resource_ids.auto.c.33.o
LOAD src/message_keys.auto.c.33.o
LOAD /Users/melrose/Library/Application Support/Pebble SDK/SDKs/current/sdk-core/pebble/aplite/lib/libpebble.a
LOAD /Users/melrose/pebble-dev/pebble-sonos-controller/node_modules/pebble-clay/dist/binaries/aplite/libpebble-clay.a
START GROUP
LOAD /nix/store/q4jim3b08wraad80bnjih7wh7zb0k5ld-arm-none-eabi-gcc-13.3.0/lib/gcc/arm-none-eabi/13.3.0/libgcc.a
LOAD /nix/store/0w054nmny8r8c0wdl8r9zih411vi95h4-newlib-arm-none-eabi-4.3.0.20230120/arm-none-eabi/lib/libc.a
END GROUP
LOAD /nix/store/q4jim3b08wraad80bnjih7wh7zb0k5ld-arm-none-eabi-gcc-13.3.0/lib/gcc/arm-none-eabi/13.3.0/crtend.o
LOAD /nix/store/q4jim3b08wraad80bnjih7wh7zb0k5ld-arm-none-eabi-gcc-13.3.0/lib/gcc/arm-none-eabi/13.3.0/crtn.o

.header         0x00000000       0x82
 *(.pbl_header)
 .pbl_header    0x00000000       0x82 aplite/appinfo.auto.c.33.o
                0x00000000                __pbl_app_info

.note.gnu.build-id
                0x00000082       0x26
                [!provide]                        PROVIDE (BUILD_ID = .)
 *(.note.gnu.build-id)
 *fill*         0x00000082        0x2 
 .note.gnu.build-id
                0x00000084       0x24 linker stubs

.text           0x000000a8     0x1b18
 *(.text)
 .text          0x000000a8       0x14 /Users/melrose/Library/Application Support/Pebble SDK/SDKs/current/sdk-core/pebble/aplite/lib/libpebble.a(tmp7jpKUopebble.o)
 *(.text.*)
 .text.app_message_result_to_string
                0x000000bc      0x128 src/c/pebble-sonos-controller.c.33.o
 .text.outbox_sent_callback
                0x000001e4        0x2 src/c/pebble-sonos-controller.c.33.o
 *fill*         0x000001e6        0x2 
 .text.send_cmd
                0x000001e8       0x98 src/c/pebble-sonos-controller.c.33.o
 .text.app_ready_timer_callback
                0x00000280        0x6 src/c/pebble-sonos-controller.c.33.o
 *fill*         0x00000286        0x2 
 .text.update_action_bar_icons
                0x00000288       0xcc src/c/pebble-sonos-controller.c.33.o
 .text.update_volume_display
                0x00000354       0x38 src/c/pebble-sonos-controller.c.33.o
 .text.update_progress_layer
                0x0000038c       0x1c src/c/pebble-sonos-controller.c.33.o
 .text.update_track_display
                0x000003a8       0xd0 src/c/pebble-sonos-controller.c.33.o
 .text.update_status_text_layer
                0x00000478       0x9c src/c/pebble-sonos-controller.c.33.o
 .text.stop_status_updates
                0x00000514       0x20 src/c/pebble-sonos-controller.c.33.o
 .text.main_window_unload
                0x00000534      0x16c src/c/pebble-sonos-controller.c.33.o
 .text.click_config_provider
                0x000006a0       0x48 src/c/pebble-sonos-controller.c.33.o
 .text.progress_layer_update_proc
                0x000006e8       0xd8 src/c/pebble-sonos-controller.c.33.o
 .text.schedule_ui_update
                0x000007c0       0x5c src/c/pebble-sonos-controller.c.33.o
 .text.outbox_failed_callback
                0x0000081c       0x34 src/c/pebble-sonos-controller.c.33.o
 .text.inbox_dropped_callback
                0x00000850       0x30 src/c/pebble-sonos-controller.c.33.o
 .text.start_volume_display_revert_timer
                0x00000880       0x40 src/c/pebble-sonos-controller.c.33.o
 .text.down_click_handler
                0x000008c0       0x60 src/c/pebble-sonos-controller.c.33.o
 .text.volume_display_revert_timer_callback
                0x00000920       0x38 src/c/pebble-sonos-controller.c.33.o
 .text.up_click_handler
                0x00000958       0x60 src/c/pebble-sonos-controller.c.33.o
 .text.delayed_ui_update_callback
                0x000009b8       0xcc src/c/pebble-sonos-controller.c.33.o
 .text.inbox_received_callback
                0x00000a84      0x188 src/c/pebble-sonos-controller.c.33.o
 .text.select_long_click_handler
                0x00000c0c       0x80 src/c/pebble-sonos-controller.c.33.o
 .text.select_click_handler
                0x00000c8c       0x68 src/c/pebble-sonos-controller.c.33.o
 .text.mode_revert_timer_callback
                0x00000cf4       0x38 src/c/pebble-sonos-controller.c.33.o
 .text.update_time_layer.part.0
                0x00000d2c       0x50 src/c/pebble-sonos-controller.c.33.o
 .text.main_window_load
                0x00000d7c      0x51c src/c/pebble-sonos-controller.c.33.o
 .text.status_update_timer_callback
                0x00001298       0x38 src/c/pebble-sonos-controller.c.33.o
 .text.tick_handler
                0x000012d0       0x1c src/c/pebble-sonos-controller.c.33.o
 .text.startup.main
                0x000012ec      0x194 src/c/pebble-sonos-controller.c.33.o
                0x000012ec                main
 .text.app_event_loop
                0x00001480        0xc /Users/melrose/Library/Application Support/Pebble SDK/SDKs/current/sdk-core/pebble/aplite/lib/libpebble.a(tmp7jpKUopebble.o)
                0x00001480                app_event_loop
 .text.app_log  0x0000148c        0xc /Users/melrose/Library/Application Support/Pebble SDK/SDKs/current/sdk-core/pebble/aplite/lib/libpebble.a(tmp7jpKUopebble.o)
                0x0000148c                app_log
 .text.app_message_open
                0x00001498        0xc /Users/melrose/Library/Application Support/Pebble SDK/SDKs/current/sdk-core/pebble/aplite/lib/libpebble.a(tmp7jpKUopebble.o)
                0x00001498                app_message_open
 .text.app_timer_cancel
                0x000014a4        0xc /Users/melrose/Library/Application Support/Pebble SDK/SDKs/current/sdk-core/pebble/aplite/lib/libpebble.a(tmp7jpKUopebble.o)
                0x000014a4                app_timer_cancel
 .text.app_timer_register
                0x000014b0        0xc /Users/melrose/Library/Application Support/Pebble SDK/SDKs/current/sdk-core/pebble/aplite/lib/libpebble.a(tmp7jpKUopebble.o)
                0x000014b0                app_timer_register
 .text.app_timer_reschedule
                0x000014bc        0xc /Users/melrose/Library/Application Support/Pebble SDK/SDKs/current/sdk-core/pebble/aplite/lib/libpebble.a(tmp7jpKUopebble.o)
                0x000014bc                app_timer_reschedule
 .text.clock_is_24h_style
                0x000014c8        0xc /Users/melrose/Library/Application Support/Pebble SDK/SDKs/current/sdk-core/pebble/aplite/lib/libpebble.a(tmp7jpKUopebble.o)
                0x000014c8                clock_is_24h_style
 .text.dict_read_first
                0x000014d4        0xc /Users/melrose/Library/Application Support/Pebble SDK/SDKs/current/sdk-core/pebble/aplite/lib/libpebble.a(tmp7jpKUopebble.o)
                0x000014d4                dict_read_first
 .text.dict_read_next
                0x000014e0        0xc /Users/melrose/Library/Application Support/Pebble SDK/SDKs/current/sdk-core/pebble/aplite/lib/libpebble.a(tmp7jpKUopebble.o)
                0x000014e0                dict_read_next
 .text.dict_write_end
                0x000014ec        0xc /Users/melrose/Library/Application Support/Pebble SDK/SDKs/current/sdk-core/pebble/aplite/lib/libpebble.a(tmp7jpKUopebble.o)
                0x000014ec                dict_write_end
 .text.dict_write_uint8
                0x000014f8        0xc /Users/melrose/Library/Application Support/Pebble SDK/SDKs/current/sdk-core/pebble/aplite/lib/libpebble.a(tmp7jpKUopebble.o)
                0x000014f8                dict_write_uint8
 .text.fonts_get_system_font
                0x00001504        0xc /Users/melrose/Library/Application Support/Pebble SDK/SDKs/current/sdk-core/pebble/aplite/lib/libpebble.a(tmp7jpKUopebble.o)
                0x00001504                fonts_get_system_font
 .text.gbitmap_create_with_resource
                0x00001510        0xc /Users/melrose/Library/Application Support/Pebble SDK/SDKs/current/sdk-core/pebble/aplite/lib/libpebble.a(tmp7jpKUopebble.o)
                0x00001510                gbitmap_create_with_resource
 .text.gbitmap_destroy
                0x0000151c        0xc /Users/melrose/Library/Application Support/Pebble SDK/SDKs/current/sdk-core/pebble/aplite/lib/libpebble.a(tmp7jpKUopebble.o)
                0x0000151c                gbitmap_destroy
 .text.graphics_fill_rect
                0x00001528        0xc /Users/melrose/Library/Application Support/Pebble SDK/SDKs/current/sdk-core/pebble/aplite/lib/libpebble.a(tmp7jpKUopebble.o)
                0x00001528                graphics_fill_rect
 .text.layer_add_child
                0x00001534        0xc /Users/melrose/Library/Application Support/Pebble SDK/SDKs/current/sdk-core/pebble/aplite/lib/libpebble.a(tmp7jpKUopebble.o)
                0x00001534                layer_add_child
 .text.layer_create
                0x00001540        0xc /Users/melrose/Library/Application Support/Pebble SDK/SDKs/current/sdk-core/pebble/aplite/lib/libpebble.a(tmp7jpKUopebble.o)
                0x00001540                layer_create
 .text.layer_destroy
                0x0000154c        0xc /Users/melrose/Library/Application Support/Pebble SDK/SDKs/current/sdk-core/pebble/aplite/lib/libpebble.a(tmp7jpKUopebble.o)
                0x0000154c                layer_destroy
 .text.layer_get_bounds
                0x00001558        0xc /Users/melrose/Library/Application Support/Pebble SDK/SDKs/current/sdk-core/pebble/aplite/lib/libpebble.a(tmp7jpKUopebble.o)
                0x00001558                layer_get_bounds
 .text.layer_get_window
                0x00001564        0xc /Users/melrose/Library/Application Support/Pebble SDK/SDKs/current/sdk-core/pebble/aplite/lib/libpebble.a(tmp7jpKUopebble.o)
                0x00001564                layer_get_window
 .text.layer_mark_dirty
                0x00001570        0xc /Users/melrose/Library/Application Support/Pebble SDK/SDKs/current/sdk-core/pebble/aplite/lib/libpebble.a(tmp7jpKUopebble.o)
                0x00001570                layer_mark_dirty
 .text.layer_set_hidden
                0x0000157c        0xc /Users/melrose/Library/Application Support/Pebble SDK/SDKs/current/sdk-core/pebble/aplite/lib/libpebble.a(tmp7jpKUopebble.o)
                0x0000157c                layer_set_hidden
 .text.layer_set_update_proc
                0x00001588        0xc /Users/melrose/Library/Application Support/Pebble SDK/SDKs/current/sdk-core/pebble/aplite/lib/libpebble.a(tmp7jpKUopebble.o)
                0x00001588                layer_set_update_proc
 .text.memset   0x00001594        0xc /Users/melrose/Library/Application Support/Pebble SDK/SDKs/current/sdk-core/pebble/aplite/lib/libpebble.a(tmp7jpKUopebble.o)
                0x00001594                memset
 .text.snprintf
                0x000015a0        0xc /Users/melrose/Library/Application Support/Pebble SDK/SDKs/current/sdk-core/pebble/aplite/lib/libpebble.a(tmp7jpKUopebble.o)
                0x000015a0                snprintf
 .text.strcmp   0x000015ac        0xc /Users/melrose/Library/Application Support/Pebble SDK/SDKs/current/sdk-core/pebble/aplite/lib/libpebble.a(tmp7jpKUopebble.o)
                0x000015ac                strcmp
 .text.strcpy   0x000015b8        0xc /Users/melrose/Library/Application Support/Pebble SDK/SDKs/current/sdk-core/pebble/aplite/lib/libpebble.a(tmp7jpKUopebble.o)
                0x000015b8                strcpy
 .text.strftime
                0x000015c4        0xc /Users/melrose/Library/Application Support/Pebble SDK/SDKs/current/sdk-core/pebble/aplite/lib/libpebble.a(tmp7jpKUopebble.o)
                0x000015c4                strftime
 .text.strncpy  0x000015d0        0xc /Users/melrose/Library/Application Support/Pebble SDK/SDKs/current/sdk-core/pebble/aplite/lib/libpebble.a(tmp7jpKUopebble.o)
                0x000015d0                strncpy
 .text.tick_timer_service_subscribe
                0x000015dc        0xc /Users/melrose/Library/Application Support/Pebble SDK/SDKs/current/sdk-core/pebble/aplite/lib/libpebble.a(tmp7jpKUopebble.o)
                0x000015dc                tick_timer_service_subscribe
 .text.tick_timer_service_unsubscribe
                0x000015e8        0xc /Users/melrose/Library/Application Support/Pebble SDK/SDKs/current/sdk-core/pebble/aplite/lib/libpebble.a(tmp7jpKUopebble.o)
                0x000015e8                tick_timer_service_unsubscribe
 .text.vibes_enqueue_custom_pattern
                0x000015f4        0xc /Users/melrose/Library/Application Support/Pebble SDK/SDKs/current/sdk-core/pebble/aplite/lib/libpebble.a(tmp7jpKUopebble.o)
                0x000015f4                vibes_enqueue_custom_pattern
 .text.vibes_short_pulse
                0x00001600        0xc /Users/melrose/Library/Application Support/Pebble SDK/SDKs/current/sdk-core/pebble/aplite/lib/libpebble.a(tmp7jpKUopebble.o)
                0x00001600                vibes_short_pulse
 .text.window_create
                0x0000160c        0xc /Users/melrose/Library/Application Support/Pebble SDK/SDKs/current/sdk-core/pebble/aplite/lib/libpebble.a(tmp7jpKUopebble.o)
                0x0000160c                window_create
 .text.window_destroy
                0x00001618        0xc /Users/melrose/Library/Application Support/Pebble SDK/SDKs/current/sdk-core/pebble/aplite/lib/libpebble.a(tmp7jpKUopebble.o)
                0x00001618                window_destroy
 .text.window_get_root_layer
                0x00001624        0xc /Users/melrose/Library/Application Support/Pebble SDK/SDKs/current/sdk-core/pebble/aplite/lib/libpebble.a(tmp7jpKUopebble.o)
                0x00001624                window_get_root_layer
 .text.window_is_loaded
                0x00001630        0xc /Users/melrose/Library/Application Support/Pebble SDK/SDKs/current/sdk-core/pebble/aplite/lib/libpebble.a(tmp7jpKUopebble.o)
                0x00001630                window_is_loaded
 .text.window_set_click_config_provider
                0x0000163c        0xc /Users/melrose/Library/Application Support/Pebble SDK/SDKs/current/sdk-core/pebble/aplite/lib/libpebble.a(tmp7jpKUopebble.o)
                0x0000163c                window_set_click_config_provider
 .text.window_set_window_handlers
                0x00001648        0xc /Users/melrose/Library/Application Support/Pebble SDK/SDKs/current/sdk-core/pebble/aplite/lib/libpebble.a(tmp7jpKUopebble.o)
                0x00001648                window_set_window_handlers
 .text.window_stack_push
                0x00001654        0xc /Users/melrose/Library/Application Support/Pebble SDK/SDKs/current/sdk-core/pebble/aplite/lib/libpebble.a(tmp7jpKUopebble.o)
                0x00001654                window_stack_push
 .text.app_message_outbox_begin
                0x00001660        0xc /Users/melrose/Library/Application Support/Pebble SDK/SDKs/current/sdk-core/pebble/aplite/lib/libpebble.a(tmp7jpKUopebble.o)
                0x00001660                app_message_outbox_begin
 .text.app_message_outbox_send
                0x0000166c        0xc /Users/melrose/Library/Application Support/Pebble SDK/SDKs/current/sdk-core/pebble/aplite/lib/libpebble.a(tmp7jpKUopebble.o)
                0x0000166c                app_message_outbox_send
 .text.app_message_register_inbox_dropped
                0x00001678        0xc /Users/melrose/Library/Application Support/Pebble SDK/SDKs/current/sdk-core/pebble/aplite/lib/libpebble.a(tmp7jpKUopebble.o)
                0x00001678                app_message_register_inbox_dropped
 .text.app_message_register_inbox_received
                0x00001684        0xc /Users/melrose/Library/Application Support/Pebble SDK/SDKs/current/sdk-core/pebble/aplite/lib/libpebble.a(tmp7jpKUopebble.o)
                0x00001684                app_message_register_inbox_received
 .text.app_message_register_outbox_failed
                0x00001690        0xc /Users/melrose/Library/Application Support/Pebble SDK/SDKs/current/sdk-core/pebble/aplite/lib/libpebble.a(tmp7jpKUopebble.o)
                0x00001690                app_message_register_outbox_failed
 .text.app_message_register_outbox_sent
                0x0000169c        0xc /Users/melrose/Library/Application Support/Pebble SDK/SDKs/current/sdk-core/pebble/aplite/lib/libpebble.a(tmp7jpKUopebble.o)
                0x0000169c                app_message_register_outbox_sent
 .text.window_long_click_subscribe
                0x000016a8        0xc /Users/melrose/Library/Application Support/Pebble SDK/SDKs/current/sdk-core/pebble/aplite/lib/libpebble.a(tmp7jpKUopebble.o)
                0x000016a8                window_long_click_subscribe
 .text.window_single_click_subscribe
                0x000016b4        0xc /Users/melrose/Library/Application Support/Pebble SDK/SDKs/current/sdk-core/pebble/aplite/lib/libpebble.a(tmp7jpKUopebble.o)
                0x000016b4                window_single_click_subscribe
 .text.window_single_repeating_click_subscribe
                0x000016c0        0xc /Users/melrose/Library/Application Support/Pebble SDK/SDKs/current/sdk-core/pebble/aplite/lib/libpebble.a(tmp7jpKUopebble.o)
                0x000016c0                window_single_repeating_click_subscribe
 .text.graphics_context_set_fill_color
                0x000016cc        0xc /Users/melrose/Library/Application Support/Pebble SDK/SDKs/current/sdk-core/pebble/aplite/lib/libpebble.a(tmp7jpKUopebble.o)
                0x000016cc                graphics_context_set_fill_color
 .text.window_set_background_color
                0x000016d8        0xc /Users/melrose/Library/Application Support/Pebble SDK/SDKs/current/sdk-core/pebble/aplite/lib/libpebble.a(tmp7jpKUopebble.o)
                0x000016d8                window_set_background_color
 .text.localtime
                0x000016e4        0xc /Users/melrose/Library/Application Support/Pebble SDK/SDKs/current/sdk-core/pebble/aplite/lib/libpebble.a(tmp7jpKUopebble.o)
                0x000016e4                localtime
 .text.action_bar_layer_add_to_window
                0x000016f0        0xc /Users/melrose/Library/Application Support/Pebble SDK/SDKs/current/sdk-core/pebble/aplite/lib/libpebble.a(tmp7jpKUopebble.o)
                0x000016f0                action_bar_layer_add_to_window
 .text.action_bar_layer_create
                0x000016fc        0xc /Users/melrose/Library/Application Support/Pebble SDK/SDKs/current/sdk-core/pebble/aplite/lib/libpebble.a(tmp7jpKUopebble.o)
                0x000016fc                action_bar_layer_create
 .text.action_bar_layer_destroy
                0x00001708        0xc /Users/melrose/Library/Application Support/Pebble SDK/SDKs/current/sdk-core/pebble/aplite/lib/libpebble.a(tmp7jpKUopebble.o)
                0x00001708                action_bar_layer_destroy
 .text.action_bar_layer_set_background_color
                0x00001714        0xc /Users/melrose/Library/Application Support/Pebble SDK/SDKs/current/sdk-core/pebble/aplite/lib/libpebble.a(tmp7jpKUopebble.o)
                0x00001714                action_bar_layer_set_background_color
 .text.action_bar_layer_set_icon
                0x00001720        0xc /Users/melrose/Library/Application Support/Pebble SDK/SDKs/current/sdk-core/pebble/aplite/lib/libpebble.a(tmp7jpKUopebble.o)
                0x00001720                action_bar_layer_set_icon
 .text.action_bar_layer_set_icon_press_animation
                0x0000172c        0xc /Users/melrose/Library/Application Support/Pebble SDK/SDKs/current/sdk-core/pebble/aplite/lib/libpebble.a(tmp7jpKUopebble.o)
                0x0000172c                action_bar_layer_set_icon_press_animation
 .text.text_layer_create
                0x00001738        0xc /Users/melrose/Library/Application Support/Pebble SDK/SDKs/current/sdk-core/pebble/aplite/lib/libpebble.a(tmp7jpKUopebble.o)
                0x00001738                text_layer_create
 .text.text_layer_destroy
                0x00001744        0xc /Users/melrose/Library/Application Support/Pebble SDK/SDKs/current/sdk-core/pebble/aplite/lib/libpebble.a(tmp7jpKUopebble.o)
                0x00001744                text_layer_destroy
 .text.text_layer_get_layer
                0x00001750        0xc /Users/melrose/Library/Application Support/Pebble SDK/SDKs/current/sdk-core/pebble/aplite/lib/libpebble.a(tmp7jpKUopebble.o)
                0x00001750                text_layer_get_layer
 .text.text_layer_set_background_color
                0x0000175c        0xc /Users/melrose/Library/Application Support/Pebble SDK/SDKs/current/sdk-core/pebble/aplite/lib/libpebble.a(tmp7jpKUopebble.o)
                0x0000175c                text_layer_set_background_color
 .text.text_layer_set_font
                0x00001768        0xc /Users/melrose/Library/Application Support/Pebble SDK/SDKs/current/sdk-core/pebble/aplite/lib/libpebble.a(tmp7jpKUopebble.o)
                0x00001768                text_layer_set_font
 .text.text_layer_set_overflow_mode
                0x00001774        0xc /Users/melrose/Library/Application Support/Pebble SDK/SDKs/current/sdk-core/pebble/aplite/lib/libpebble.a(tmp7jpKUopebble.o)
                0x00001774                text_layer_set_overflow_mode
 .text.text_layer_set_text
                0x00001780        0xc /Users/melrose/Library/Application Support/Pebble SDK/SDKs/current/sdk-core/pebble/aplite/lib/libpebble.a(tmp7jpKUopebble.o)
                0x00001780                text_layer_set_text
 .text.text_layer_set_text_alignment
                0x0000178c        0xc /Users/melrose/Library/Application Support/Pebble SDK/SDKs/current/sdk-core/pebble/aplite/lib/libpebble.a(tmp7jpKUopebble.o)
                0x0000178c                text_layer_set_text_alignment
 .text.text_layer_set_text_color
                0x00001798        0xc /Users/melrose/Library/Application Support/Pebble SDK/SDKs/current/sdk-core/pebble/aplite/lib/libpebble.a(tmp7jpKUopebble.o)
                0x00001798                text_layer_set_text_color
 .text.time     0x000017a4        0xc /Users/melrose/Library/Application Support/Pebble SDK/SDKs/current/sdk-core/pebble/aplite/lib/libpebble.a(tmp7jpKUopebble.o)
                0x000017a4                time
 *(.rodata)
 .rodata        0x000017b0        0x1 src/c/pebble-sonos-controller.c.33.o
 *(.rodata*)
 .rodata.app_message_result_to_string.str1.1
                0x000017b1      0x40f src/c/pebble-sonos-controller.c.33.o
                                 0xcd (size before relaxing)
 .rodata.send_cmd.str1.1
                0x00001bc0       0x80 src/c/pebble-sonos-controller.c.33.o
 .rodata.update_track_display.str1.1
                0x00001bc0       0x2b src/c/pebble-sonos-controller.c.33.o
 .rodata.update_status_text_layer.str1.1
                0x00001bc0       0x24 src/c/pebble-sonos-controller.c.33.o
 .rodata.schedule_ui_update.str1.1
                0x00001bc0       0x24 src/c/pebble-sonos-controller.c.33.o
 .rodata.outbox_failed_callback.str1.1
                0x00001bc0       0x12 src/c/pebble-sonos-controller.c.33.o
 .rodata.inbox_dropped_callback.str1.1
                0x00001bc0       0x12 src/c/pebble-sonos-controller.c.33.o
 .rodata.delayed_ui_update_callback.str1.1
                0x00001bc0       0x5f src/c/pebble-sonos-controller.c.33.o
 .rodata.inbox_received_callback.str1.1
                0x00001bc0       0x3e src/c/pebble-sonos-controller.c.33.o
 .rodata.update_time_layer.part.0.str1.1
                0x00001bc0        0xc src/c/pebble-sonos-controller.c.33.o
 .rodata.main_window_load.str1.1
                0x00001bc0      0x134 src/c/pebble-sonos-controller.c.33.o
 .rodata.main.str1.1
                0x00001bc0       0x54 src/c/pebble-sonos-controller.c.33.o

.glue_7         0x00001bc0        0x0
 .glue_7        0x00001bc0        0x0 linker stubs

.glue_7t        0x00001bc0        0x0
 .glue_7t       0x00001bc0        0x0 linker stubs

.vfp11_veneer   0x00001bc0        0x0
 .vfp11_veneer  0x00001bc0        0x0 linker stubs

.v4_bx          0x00001bc0        0x0
 .v4_bx         0x00001bc0        0x0 linker stubs

.init           0x00001bc0        0xc
 .init          0x00001bc0        0xc /nix/store/q4jim3b08wraad80bnjih7wh7zb0k5ld-arm-none-eabi-gcc-13.3.0/lib/gcc/arm-none-eabi/13.3.0/crti.o
                0x00001bc0                _init

.fini           0x00001bcc        0xc
 .fini          0x00001bcc        0xc /nix/store/q4jim3b08wraad80bnjih7wh7zb0k5ld-arm-none-eabi-gcc-13.3.0/lib/gcc/arm-none-eabi/13.3.0/crti.o
                0x00001bcc                _fini

.iplt           0x00001bd8        0x0
 .iplt          0x00001bd8        0x0 src/c/pebble-sonos-controller.c.33.o

.rel.dyn        0x00001bd8        0x0
 .rel.iplt      0x00001bd8        0x0 src/c/pebble-sonos-controller.c.33.o

.data           0x00001bd8       0x6d
 *(.data)
 .data          0x00001bd8        0x0 /nix/store/q4jim3b08wraad80bnjih7wh7zb0k5ld-arm-none-eabi-gcc-13.3.0/lib/gcc/arm-none-eabi/13.3.0/crti.o
 .data          0x00001bd8        0x4 /nix/store/q4jim3b08wraad80bnjih7wh7zb0k5ld-arm-none-eabi-gcc-13.3.0/lib/gcc/arm-none-eabi/13.3.0/crtbegin.o
                0x00001bd8                __dso_handle
 .data          0x00001bdc        0x0 /nix/store/0w054nmny8r8c0wdl8r9zih411vi95h4-newlib-arm-none-eabi-4.3.0.20230120/arm-none-eabi/lib/crt0.o
 .data          0x00001bdc        0x0 src/c/pebble-sonos-controller.c.33.o
 .data          0x00001bdc        0x0 aplite/appinfo.auto.c.33.o
 .data          0x00001bdc        0x0 aplite/src/resource_ids.auto.c.33.o
 .data          0x00001bdc        0x0 src/message_keys.auto.c.33.o
 .data          0x00001bdc        0x0 /Users/melrose/Library/Application Support/Pebble SDK/SDKs/current/sdk-core/pebble/aplite/lib/libpebble.a(tmp7jpKUopebble.o)
 .data          0x00001bdc        0x0 /nix/store/0w054nmny8r8c0wdl8r9zih411vi95h4-newlib-arm-none-eabi-4.3.0.20230120/arm-none-eabi/lib/libc.a(libc_a-exit.o)
 .data          0x00001bdc        0xc /nix/store/0w054nmny8r8c0wdl8r9zih411vi95h4-newlib-arm-none-eabi-4.3.0.20230120/arm-none-eabi/lib/libc.a(libc_a-findfp.o)
                0x00001bdc                __sglue
 .data          0x00001be8        0x0 /nix/store/0w054nmny8r8c0wdl8r9zih411vi95h4-newlib-arm-none-eabi-4.3.0.20230120/arm-none-eabi/lib/libc.a(libc_a-fwalk.o)
 .data          0x00001be8        0x0 /nix/store/0w054nmny8r8c0wdl8r9zih411vi95h4-newlib-arm-none-eabi-4.3.0.20230120/arm-none-eabi/lib/libc.a(libc_a-stdio.o)
 .data          0x00001be8        0x0 /nix/store/0w054nmny8r8c0wdl8r9zih411vi95h4-newlib-arm-none-eabi-4.3.0.20230120/arm-none-eabi/lib/libc.a(libc_a-closer.o)
 .data          0x00001be8        0x0 /nix/store/0w054nmny8r8c0wdl8r9zih411vi95h4-newlib-arm-none-eabi-4.3.0.20230120/arm-none-eabi/lib/libc.a(libc_a-reent.o)
 .data          0x00001be8       0x50 /nix/store/0w054nmny8r8c0wdl8r9zih411vi95h4-newlib-arm-none-eabi-4.3.0.20230120/arm-none-eabi/lib/libc.a(libc_a-impure.o)
                0x00001be8                _impure_ptr
                0x00001bec                _impure_data
 .data          0x00001c38        0x0 /nix/store/0w054nmny8r8c0wdl8r9zih411vi95h4-newlib-arm-none-eabi-4.3.0.20230120/arm-none-eabi/lib/libc.a(libc_a-lseekr.o)
 .data          0x00001c38        0x0 /nix/store/0w054nmny8r8c0wdl8r9zih411vi95h4-newlib-arm-none-eabi-4.3.0.20230120/arm-none-eabi/lib/libc.a(libc_a-readr.o)
 .data          0x00001c38        0x0 /nix/store/0w054nmny8r8c0wdl8r9zih411vi95h4-newlib-arm-none-eabi-4.3.0.20230120/arm-none-eabi/lib/libc.a(libc_a-writer.o)
 .data          0x00001c38        0x0 /nix/store/0w054nmny8r8c0wdl8r9zih411vi95h4-newlib-arm-none-eabi-4.3.0.20230120/arm-none-eabi/lib/libc.a(libc_a-init.o)
 .data          0x00001c38        0x0 /nix/store/0w054nmny8r8c0wdl8r9zih411vi95h4-newlib-arm-none-eabi-4.3.0.20230120/arm-none-eabi/lib/libc.a(libc_a-lock.o)
 .data          0x00001c38        0x0 /nix/store/0w054nmny8r8c0wdl8r9zih411vi95h4-newlib-arm-none-eabi-4.3.0.20230120/arm-none-eabi/lib/libc.a(libc_a-freer.o)
 .data          0x00001c38        0x0 /nix/store/0w054nmny8r8c0wdl8r9zih411vi95h4-newlib-arm-none-eabi-4.3.0.20230120/arm-none-eabi/lib/libc.a(libc_a-mallocr.o)
 .data          0x00001c38        0x0 /nix/store/0w054nmny8r8c0wdl8r9zih411vi95h4-newlib-arm-none-eabi-4.3.0.20230120/arm-none-eabi/lib/libc.a(libc_a-mlock.o)
 .data          0x00001c38        0x0 /nix/store/0w054nmny8r8c0wdl8r9zih411vi95h4-newlib-arm-none-eabi-4.3.0.20230120/arm-none-eabi/lib/libc.a(libc_a-fflush.o)
 .data          0x00001c38        0x0 /nix/store/0w054nmny8r8c0wdl8r9zih411vi95h4-newlib-arm-none-eabi-4.3.0.20230120/arm-none-eabi/lib/libc.a(libc_a-sbrkr.o)
 .data          0x00001c38        0x0 /nix/store/q4jim3b08wraad80bnjih7wh7zb0k5ld-arm-none-eabi-gcc-13.3.0/lib/gcc/arm-none-eabi/13.3.0/crtend.o
 .data          0x00001c38        0x0 /nix/store/q4jim3b08wraad80bnjih7wh7zb0k5ld-arm-none-eabi-gcc-13.3.0/lib/gcc/arm-none-eabi/13.3.0/crtn.o
 *(.data.*)
 .data.time_buffer.0
                0x00001c38        0x6 src/c/pebble-sonos-controller.c.33.o
 *fill*         0x00001c3e        0x2 
 .data.s_current_volume
                0x00001c40        0x4 src/c/pebble-sonos-controller.c.33.o
 .data.s_current_play_state
                0x00001c44        0x1 src/c/pebble-sonos-controller.c.33.o

.igot.plt       0x00001c48        0x0
 .igot.plt      0x00001c48        0x0 src/c/pebble-sonos-controller.c.33.o

.bss            0x00001c48      0x230
 *(.bss)
 .bss           0x00001c48      0x13c /nix/store/0w054nmny8r8c0wdl8r9zih411vi95h4-newlib-arm-none-eabi-4.3.0.20230120/arm-none-eabi/lib/libc.a(libc_a-findfp.o)
                0x00001c48                __sf
                0x00001d80                __stdio_exit_handler
 *(.bss.*)
 .bss.s_bottom_area_mode
                0x00001d84        0x1 src/c/pebble-sonos-controller.c.33.o
 .bss.s_up_down_button_mode
                0x00001d85        0x1 src/c/pebble-sonos-controller.c.33.o
 *fill*         0x00001d86        0x2 
 .bss.s_mode_revert_timer
                0x00001d88        0x4 src/c/pebble-sonos-controller.c.33.o
 .bss.s_ui_update_timer
                0x00001d8c        0x4 src/c/pebble-sonos-controller.c.33.o
 .bss.s_volume_display_revert_timer
                0x00001d90        0x4 src/c/pebble-sonos-controller.c.33.o
 .bss.s_status_update_timer
                0x00001d94        0x4 src/c/pebble-sonos-controller.c.33.o
 .bss.s_status_text_buffer
                0x00001d98       0x40 src/c/pebble-sonos-controller.c.33.o
 .bss.s_album_buffer
                0x00001dd8       0x20 src/c/pebble-sonos-controller.c.33.o
 .bss.s_artist_buffer
                0x00001df8       0x20 src/c/pebble-sonos-controller.c.33.o
 .bss.s_title_buffer
                0x00001e18       0x20 src/c/pebble-sonos-controller.c.33.o
 .bss.s_current_mute_state
                0x00001e38        0x1 src/c/pebble-sonos-controller.c.33.o
 *fill*         0x00001e39        0x3 
 .bss.s_icon_next_track
                0x00001e3c        0x4 src/c/pebble-sonos-controller.c.33.o
 .bss.s_icon_prev_track
                0x00001e40        0x4 src/c/pebble-sonos-controller.c.33.o
 .bss.s_icon_vol_down
                0x00001e44        0x4 src/c/pebble-sonos-controller.c.33.o
 .bss.s_icon_vol_up
                0x00001e48        0x4 src/c/pebble-sonos-controller.c.33.o
 .bss.s_icon_pause
                0x00001e4c        0x4 src/c/pebble-sonos-controller.c.33.o
 .bss.s_icon_play
                0x00001e50        0x4 src/c/pebble-sonos-controller.c.33.o
 .bss.s_action_bar_layer
                0x00001e54        0x4 src/c/pebble-sonos-controller.c.33.o
 .bss.s_progress_layer
                0x00001e58        0x4 src/c/pebble-sonos-controller.c.33.o
 .bss.s_volume_text_layer
                0x00001e5c        0x4 src/c/pebble-sonos-controller.c.33.o
 .bss.s_status_text_layer
                0x00001e60        0x4 src/c/pebble-sonos-controller.c.33.o
 .bss.s_album_layer
                0x00001e64        0x4 src/c/pebble-sonos-controller.c.33.o
 .bss.s_artist_layer
                0x00001e68        0x4 src/c/pebble-sonos-controller.c.33.o
 .bss.s_title_layer
                0x00001e6c        0x4 src/c/pebble-sonos-controller.c.33.o
 .bss.s_time_layer
                0x00001e70        0x4 src/c/pebble-sonos-controller.c.33.o
 .bss.s_main_window
                0x00001e74        0x4 src/c/pebble-sonos-controller.c.33.o

DISCARD
 libc.a(*)
 libm.a(*)
 libgcc.a(*)
 *(.eh_frame)
OUTPUT(/Users/melrose/pebble-dev/pebble-sonos-controller/build/aplite/pebble-app.elf elf32-littlearm)
LOAD linker stubs
LOAD /nix/store/0w054nmny8r8c0wdl8r9zih411vi95h4-newlib-arm-none-eabi-4.3.0.20230120/arm-none-eabi/lib/libc.a
LOAD /nix/store/0w054nmny8r8c0wdl8r9zih411vi95h4-newlib-arm-none-eabi-4.3.0.20230120/arm-none-eabi/lib/libm.a
LOAD /nix/store/q4jim3b08wraad80bnjih7wh7zb0k5ld-arm-none-eabi-gcc-13.3.0/lib/gcc/arm-none-eabi/13.3.0/libgcc.a

.ARM.attributes
                0x00000000       0x2b
 .ARM.attributes
                0x00000000       0x1c /nix/store/q4jim3b08wraad80bnjih7wh7zb0k5ld-arm-none-eabi-gcc-13.3.0/lib/gcc/arm-none-eabi/13.3.0/crti.o
 .ARM.attributes
                0x0000001c       0x2a /nix/store/q4jim3b08wraad80bnjih7wh7zb0k5ld-arm-none-eabi-gcc-13.3.0/lib/gcc/arm-none-eabi/13.3.0/crtbegin.o
 .ARM.attributes
                0x00000046       0x1a /nix/store/0w054nmny8r8c0wdl8r9zih411vi95h4-newlib-arm-none-eabi-4.3.0.20230120/arm-none-eabi/lib/crt0.o
 .ARM.attributes
                0x00000060       0x2d src/c/pebble-sonos-controller.c.33.o
 .ARM.attributes
                0x0000008d       0x2d aplite/appinfo.auto.c.33.o
 .ARM.attributes
                0x000000ba       0x2d aplite/src/resource_ids.auto.c.33.o
 .ARM.attributes
                0x000000e7       0x2d src/message_keys.auto.c.33.o
 .ARM.attributes
                0x00000114       0x21 /Users/melrose/Library/Application Support/Pebble SDK/SDKs/current/sdk-core/pebble/aplite/lib/libpebble.a(tmp7jpKUopebble.o)
 .ARM.attributes
                0x00000135       0x2a /nix/store/0w054nmny8r8c0wdl8r9zih411vi95h4-newlib-arm-none-eabi-4.3.0.20230120/arm-none-eabi/lib/libc.a(libc_a-exit.o)
 .ARM.attributes
                0x0000015f       0x2a /nix/store/0w054nmny8r8c0wdl8r9zih411vi95h4-newlib-arm-none-eabi-4.3.0.20230120/arm-none-eabi/lib/libc.a(libc_a-findfp.o)
 .ARM.attributes
                0x00000189       0x2a /nix/store/0w054nmny8r8c0wdl8r9zih411vi95h4-newlib-arm-none-eabi-4.3.0.20230120/arm-none-eabi/lib/libc.a(libc_a-fwalk.o)
 .ARM.attributes
                0x000001b3       0x2a /nix/store/0w054nmny8r8c0wdl8r9zih411vi95h4-newlib-arm-none-eabi-4.3.0.20230120/arm-none-eabi/lib/libc.a(libc_a-stdio.o)
 .ARM.attributes
                0x000001dd       0x2a /nix/store/0w054nmny8r8c0wdl8r9zih411vi95h4-newlib-arm-none-eabi-4.3.0.20230120/arm-none-eabi/lib/libc.a(libc_a-closer.o)
 .ARM.attributes
                0x00000207       0x2a /nix/store/0w054nmny8r8c0wdl8r9zih411vi95h4-newlib-arm-none-eabi-4.3.0.20230120/arm-none-eabi/lib/libc.a(libc_a-reent.o)
 .ARM.attributes
                0x00000231       0x2a /nix/store/0w054nmny8r8c0wdl8r9zih411vi95h4-newlib-arm-none-eabi-4.3.0.20230120/arm-none-eabi/lib/libc.a(libc_a-impure.o)
 .ARM.attributes
                0x0000025b       0x2a /nix/store/0w054nmny8r8c0wdl8r9zih411vi95h4-newlib-arm-none-eabi-4.3.0.20230120/arm-none-eabi/lib/libc.a(libc_a-lseekr.o)
 .ARM.attributes
                0x00000285       0x2a /nix/store/0w054nmny8r8c0wdl8r9zih411vi95h4-newlib-arm-none-eabi-4.3.0.20230120/arm-none-eabi/lib/libc.a(libc_a-readr.o)
 .ARM.attributes
                0x000002af       0x2a /nix/store/0w054nmny8r8c0wdl8r9zih411vi95h4-newlib-arm-none-eabi-4.3.0.20230120/arm-none-eabi/lib/libc.a(libc_a-writer.o)
 .ARM.attributes
                0x000002d9       0x2a /nix/store/0w054nmny8r8c0wdl8r9zih411vi95h4-newlib-arm-none-eabi-4.3.0.20230120/arm-none-eabi/lib/libc.a(libc_a-init.o)
 .ARM.attributes
                0x00000303       0x2a /nix/store/0w054nmny8r8c0wdl8r9zih411vi95h4-newlib-arm-none-eabi-4.3.0.20230120/arm-none-eabi/lib/libc.a(libc_a-lock.o)
 .ARM.attributes
                0x0000032d       0x2a /nix/store/0w054nmny8r8c0wdl8r9zih411vi95h4-newlib-arm-none-eabi-4.3.0.20230120/arm-none-eabi/lib/libc.a(libc_a-freer.o)
 .ARM.attributes
                0x00000357       0x2a /nix/store/0w054nmny8r8c0wdl8r9zih411vi95h4-newlib-arm-none-eabi-4.3.0.20230120/arm-none-eabi/lib/libc.a(libc_a-mallocr.o)
 .ARM.attributes
                0x00000381       0x2a /nix/store/0w054nmny8r8c0wdl8r9zih411vi95h4-newlib-arm-none-eabi-4.3.0.20230120/arm-none-eabi/lib/libc.a(libc_a-mlock.o)
 .ARM.attributes
                0x000003ab       0x2a /nix/store/0w054nmny8r8c0wdl8r9zih411vi95h4-newlib-arm-none-eabi-4.3.0.20230120/arm-none-eabi/lib/libc.a(libc_a-fflush.o)
 .ARM.attributes
                0x000003d5       0x2a /nix/store/0w054nmny8r8c0wdl8r9zih411vi95h4-newlib-arm-none-eabi-4.3.0.20230120/arm-none-eabi/lib/libc.a(libc_a-sbrkr.o)
 .ARM.attributes
                0x000003ff       0x2a /nix/store/q4jim3b08wraad80bnjih7wh7zb0k5ld-arm-none-eabi-gcc-13.3.0/lib/gcc/arm-none-eabi/13.3.0/crtend.o
 .ARM.attributes
                0x00000429       0x1c /nix/store/q4jim3b08wraad80bnjih7wh7zb0k5ld-arm-none-eabi-gcc-13.3.0/lib/gcc/arm-none-eabi/13.3.0/crtn.o

.comment        0x00000000       0x12
 .comment       0x00000000       0x12 /nix/store/q4jim3b08wraad80bnjih7wh7zb0k5ld-arm-none-eabi-gcc-13.3.0/lib/gcc/arm-none-eabi/13.3.0/crtbegin.o
                                 0x13 (size before relaxing)
 .comment       0x00000012       0x13 src/c/pebble-sonos-controller.c.33.o
 .comment       0x00000012       0x13 aplite/appinfo.auto.c.33.o
 .comment       0x00000012       0x13 aplite/src/resource_ids.auto.c.33.o
 .comment       0x00000012       0x13 src/message_keys.auto.c.33.o
 .comment       0x00000012       0x13 /nix/store/0w054nmny8r8c0wdl8r9zih411vi95h4-newlib-arm-none-eabi-4.3.0.20230120/arm-none-eabi/lib/libc.a(libc_a-exit.o)
 .comment       0x00000012       0x13 /nix/store/0w054nmny8r8c0wdl8r9zih411vi95h4-newlib-arm-none-eabi-4.3.0.20230120/arm-none-eabi/lib/libc.a(libc_a-findfp.o)
 .comment       0x00000012       0x13 /nix/store/0w054nmny8r8c0wdl8r9zih411vi95h4-newlib-arm-none-eabi-4.3.0.20230120/arm-none-eabi/lib/libc.a(libc_a-fwalk.o)
 .comment       0x00000012       0x13 /nix/store/0w054nmny8r8c0wdl8r9zih411vi95h4-newlib-arm-none-eabi-4.3.0.20230120/arm-none-eabi/lib/libc.a(libc_a-stdio.o)
 .comment       0x00000012       0x13 /nix/store/0w054nmny8r8c0wdl8r9zih411vi95h4-newlib-arm-none-eabi-4.3.0.20230120/arm-none-eabi/lib/libc.a(libc_a-closer.o)
 .comment       0x00000012       0x13 /nix/store/0w054nmny8r8c0wdl8r9zih411vi95h4-newlib-arm-none-eabi-4.3.0.20230120/arm-none-eabi/lib/libc.a(libc_a-reent.o)
 .comment       0x00000012       0x13 /nix/store/0w054nmny8r8c0wdl8r9zih411vi95h4-newlib-arm-none-eabi-4.3.0.20230120/arm-none-eabi/lib/libc.a(libc_a-impure.o)
 .comment       0x00000012       0x13 /nix/store/0w054nmny8r8c0wdl8r9zih411vi95h4-newlib-arm-none-eabi-4.3.0.20230120/arm-none-eabi/lib/libc.a(libc_a-lseekr.o)
 .comment       0x00000012       0x13 /nix/store/0w054nmny8r8c0wdl8r9zih411vi95h4-newlib-arm-none-eabi-4.3.0.20230120/arm-none-eabi/lib/libc.a(libc_a-readr.o)
 .comment       0x00000012       0x13 /nix/store/0w054nmny8r8c0wdl8r9zih411vi95h4-newlib-arm-none-eabi-4.3.0.20230120/arm-none-eabi/lib/libc.a(libc_a-writer.o)
 .comment       0x00000012       0x13 /nix/store/0w054nmny8r8c0wdl8r9zih411vi95h4-newlib-arm-none-eabi-4.3.0.20230120/arm-none-eabi/lib/libc.a(libc_a-init.o)
 .comment       0x00000012       0x13 /nix/store/0w054nmny8r8c0wdl8r9zih411vi95h4-newlib-arm-none-eabi-4.3.0.20230120/arm-none-eabi/lib/libc.a(libc_a-lock.o)
 .comment       0x00000012       0x13 /nix/store/0w054nmny8r8c0wdl8r9zih411vi95h4-newlib-arm-none-eabi-4.3.0.20230120/arm-none-eabi/lib/libc.a(libc_a-freer.o)
 .comment       0x00000012       0x13 /nix/store/0w054nmny8r8c0wdl8r9zih411vi95h4-newlib-arm-none-eabi-4.3.0.20230120/arm-none-eabi/lib/libc.a(libc_a-mallocr.o)
 .comment       0x00000012       0x13 /nix/store/0w054nmny8r8c0wdl8r9zih411vi95h4-newlib-arm-none-eabi-4.3.0.20230120/arm-none-eabi/lib/libc.a(libc_a-mlock.o)
 .comment       0x00000012       0x13 /nix/store/0w054nmny8r8c0wdl8r9zih411vi95h4-newlib-arm-none-eabi-4.3.0.20230120/arm-none-eabi/lib/libc.a(libc_a-fflush.o)
 .comment       0x00000012       0x13 /nix/store/0w054nmny8r8c0wdl8r9zih411vi95h4-newlib-arm-none-eabi-4.3.0.20230120/arm-none-eabi/lib/libc.a(libc_a-sbrkr.o)
 .comment       0x00000012       0x13 /nix/store/q4jim3b08wraad80bnjih7wh7zb0k5ld-arm-none-eabi-gcc-13.3.0/lib/gcc/arm-none-eabi/13.3.0/crtend.o

.debug_line     0x00000000     0x4a4e
 .debug_line    0x00000000       0x9b /nix/store/0w054nmny8r8c0wdl8r9zih411vi95h4-newlib-arm-none-eabi-4.3.0.20230120/arm-none-eabi/lib/crt0.o
 .debug_line    0x0000009b     0x1825 src/c/pebble-sonos-controller.c.33.o
 .debug_line    0x000018c0      0x19c aplite/appinfo.auto.c.33.o
 .debug_line    0x00001a5c      0x12a aplite/src/resource_ids.auto.c.33.o
 .debug_line    0x00001b86      0x123 src/message_keys.auto.c.33.o
 .debug_line    0x00001ca9      0x179 /nix/store/0w054nmny8r8c0wdl8r9zih411vi95h4-newlib-arm-none-eabi-4.3.0.20230120/arm-none-eabi/lib/libc.a(libc_a-exit.o)
 .debug_line    0x00001e22      0x726 /nix/store/0w054nmny8r8c0wdl8r9zih411vi95h4-newlib-arm-none-eabi-4.3.0.20230120/arm-none-eabi/lib/libc.a(libc_a-findfp.o)
 .debug_line    0x00002548      0x25e /nix/store/0w054nmny8r8c0wdl8r9zih411vi95h4-newlib-arm-none-eabi-4.3.0.20230120/arm-none-eabi/lib/libc.a(libc_a-fwalk.o)
 .debug_line    0x000027a6      0x2be /nix/store/0w054nmny8r8c0wdl8r9zih411vi95h4-newlib-arm-none-eabi-4.3.0.20230120/arm-none-eabi/lib/libc.a(libc_a-stdio.o)
 .debug_line    0x00002a64      0x228 /nix/store/0w054nmny8r8c0wdl8r9zih411vi95h4-newlib-arm-none-eabi-4.3.0.20230120/arm-none-eabi/lib/libc.a(libc_a-closer.o)
 .debug_line    0x00002c8c      0x2f2 /nix/store/0w054nmny8r8c0wdl8r9zih411vi95h4-newlib-arm-none-eabi-4.3.0.20230120/arm-none-eabi/lib/libc.a(libc_a-reent.o)
 .debug_line    0x00002f7e      0x150 /nix/store/0w054nmny8r8c0wdl8r9zih411vi95h4-newlib-arm-none-eabi-4.3.0.20230120/arm-none-eabi/lib/libc.a(libc_a-impure.o)
 .debug_line    0x000030ce      0x225 /nix/store/0w054nmny8r8c0wdl8r9zih411vi95h4-newlib-arm-none-eabi-4.3.0.20230120/arm-none-eabi/lib/libc.a(libc_a-lseekr.o)
 .debug_line    0x000032f3      0x224 /nix/store/0w054nmny8r8c0wdl8r9zih411vi95h4-newlib-arm-none-eabi-4.3.0.20230120/arm-none-eabi/lib/libc.a(libc_a-readr.o)
 .debug_line    0x00003517      0x225 /nix/store/0w054nmny8r8c0wdl8r9zih411vi95h4-newlib-arm-none-eabi-4.3.0.20230120/arm-none-eabi/lib/libc.a(libc_a-writer.o)
 .debug_line    0x0000373c      0x156 /nix/store/0w054nmny8r8c0wdl8r9zih411vi95h4-newlib-arm-none-eabi-4.3.0.20230120/arm-none-eabi/lib/libc.a(libc_a-init.o)
 .debug_line    0x00003892       0xf4 /nix/store/0w054nmny8r8c0wdl8r9zih411vi95h4-newlib-arm-none-eabi-4.3.0.20230120/arm-none-eabi/lib/libc.a(libc_a-lock.o)
 .debug_line    0x00003986      0x312 /nix/store/0w054nmny8r8c0wdl8r9zih411vi95h4-newlib-arm-none-eabi-4.3.0.20230120/arm-none-eabi/lib/libc.a(libc_a-freer.o)
 .debug_line    0x00003c98      0x507 /nix/store/0w054nmny8r8c0wdl8r9zih411vi95h4-newlib-arm-none-eabi-4.3.0.20230120/arm-none-eabi/lib/libc.a(libc_a-mallocr.o)
 .debug_line    0x0000419f      0x1f6 /nix/store/0w054nmny8r8c0wdl8r9zih411vi95h4-newlib-arm-none-eabi-4.3.0.20230120/arm-none-eabi/lib/libc.a(libc_a-mlock.o)
 .debug_line    0x00004395      0x48d /nix/store/0w054nmny8r8c0wdl8r9zih411vi95h4-newlib-arm-none-eabi-4.3.0.20230120/arm-none-eabi/lib/libc.a(libc_a-fflush.o)
 .debug_line    0x00004822      0x22c /nix/store/0w054nmny8r8c0wdl8r9zih411vi95h4-newlib-arm-none-eabi-4.3.0.20230120/arm-none-eabi/lib/libc.a(libc_a-sbrkr.o)

.debug_line_str
                0x00000000       0x8a
 .debug_line_str
                0x00000000       0x8a /nix/store/0w054nmny8r8c0wdl8r9zih411vi95h4-newlib-arm-none-eabi-4.3.0.20230120/arm-none-eabi/lib/crt0.o

.debug_info     0x00000000     0xb0bc
 .debug_info    0x00000000       0x25 /nix/store/0w054nmny8r8c0wdl8r9zih411vi95h4-newlib-arm-none-eabi-4.3.0.20230120/arm-none-eabi/lib/crt0.o
 .debug_info    0x00000025     0x2a9a src/c/pebble-sonos-controller.c.33.o
 .debug_info    0x00002abf      0x2fc aplite/appinfo.auto.c.33.o
 .debug_info    0x00002dbb       0xf4 aplite/src/resource_ids.auto.c.33.o
 .debug_info    0x00002eaf      0x1a4 src/message_keys.auto.c.33.o
 .debug_info    0x00003053      0x11b /nix/store/0w054nmny8r8c0wdl8r9zih411vi95h4-newlib-arm-none-eabi-4.3.0.20230120/arm-none-eabi/lib/libc.a(libc_a-exit.o)
 .debug_info    0x0000316e     0x10e2 /nix/store/0w054nmny8r8c0wdl8r9zih411vi95h4-newlib-arm-none-eabi-4.3.0.20230120/arm-none-eabi/lib/libc.a(libc_a-findfp.o)
 .debug_info    0x00004250      0x7d2 /nix/store/0w054nmny8r8c0wdl8r9zih411vi95h4-newlib-arm-none-eabi-4.3.0.20230120/arm-none-eabi/lib/libc.a(libc_a-fwalk.o)
 .debug_info    0x00004a22      0xa7c /nix/store/0w054nmny8r8c0wdl8r9zih411vi95h4-newlib-arm-none-eabi-4.3.0.20230120/arm-none-eabi/lib/libc.a(libc_a-stdio.o)
 .debug_info    0x0000549e      0x75c /nix/store/0w054nmny8r8c0wdl8r9zih411vi95h4-newlib-arm-none-eabi-4.3.0.20230120/arm-none-eabi/lib/libc.a(libc_a-closer.o)
 .debug_info    0x00005bfa      0x863 /nix/store/0w054nmny8r8c0wdl8r9zih411vi95h4-newlib-arm-none-eabi-4.3.0.20230120/arm-none-eabi/lib/libc.a(libc_a-reent.o)
 .debug_info    0x0000645d      0x715 /nix/store/0w054nmny8r8c0wdl8r9zih411vi95h4-newlib-arm-none-eabi-4.3.0.20230120/arm-none-eabi/lib/libc.a(libc_a-impure.o)
 .debug_info    0x00006b72      0x7a8 /nix/store/0w054nmny8r8c0wdl8r9zih411vi95h4-newlib-arm-none-eabi-4.3.0.20230120/arm-none-eabi/lib/libc.a(libc_a-lseekr.o)
 .debug_info    0x0000731a      0x7bf /nix/store/0w054nmny8r8c0wdl8r9zih411vi95h4-newlib-arm-none-eabi-4.3.0.20230120/arm-none-eabi/lib/libc.a(libc_a-readr.o)
 .debug_info    0x00007ad9      0x7c5 /nix/store/0w054nmny8r8c0wdl8r9zih411vi95h4-newlib-arm-none-eabi-4.3.0.20230120/arm-none-eabi/lib/libc.a(libc_a-writer.o)
 .debug_info    0x0000829e      0x10b /nix/store/0w054nmny8r8c0wdl8r9zih411vi95h4-newlib-arm-none-eabi-4.3.0.20230120/arm-none-eabi/lib/libc.a(libc_a-init.o)
 .debug_info    0x000083a9      0x218 /nix/store/0w054nmny8r8c0wdl8r9zih411vi95h4-newlib-arm-none-eabi-4.3.0.20230120/arm-none-eabi/lib/libc.a(libc_a-lock.o)
 .debug_info    0x000085c1      0x874 /nix/store/0w054nmny8r8c0wdl8r9zih411vi95h4-newlib-arm-none-eabi-4.3.0.20230120/arm-none-eabi/lib/libc.a(libc_a-freer.o)
 .debug_info    0x00008e35      0x9ae /nix/store/0w054nmny8r8c0wdl8r9zih411vi95h4-newlib-arm-none-eabi-4.3.0.20230120/arm-none-eabi/lib/libc.a(libc_a-mallocr.o)
 .debug_info    0x000097e3      0x76b /nix/store/0w054nmny8r8c0wdl8r9zih411vi95h4-newlib-arm-none-eabi-4.3.0.20230120/arm-none-eabi/lib/libc.a(libc_a-mlock.o)
 .debug_info    0x00009f4e      0x9ec /nix/store/0w054nmny8r8c0wdl8r9zih411vi95h4-newlib-arm-none-eabi-4.3.0.20230120/arm-none-eabi/lib/libc.a(libc_a-fflush.o)
 .debug_info    0x0000a93a      0x782 /nix/store/0w054nmny8r8c0wdl8r9zih411vi95h4-newlib-arm-none-eabi-4.3.0.20230120/arm-none-eabi/lib/libc.a(libc_a-sbrkr.o)

.debug_abbrev   0x00000000     0x267e
 .debug_abbrev  0x00000000       0x14 /nix/store/0w054nmny8r8c0wdl8r9zih411vi95h4-newlib-arm-none-eabi-4.3.0.20230120/arm-none-eabi/lib/crt0.o
 .debug_abbrev  0x00000014      0x5a6 src/c/pebble-sonos-controller.c.33.o
 .debug_abbrev  0x000005ba       0xb0 aplite/appinfo.auto.c.33.o
 .debug_abbrev  0x0000066a       0x4a aplite/src/resource_ids.auto.c.33.o
 .debug_abbrev  0x000006b4       0x4a src/message_keys.auto.c.33.o
 .debug_abbrev  0x000006fe       0xd8 /nix/store/0w054nmny8r8c0wdl8r9zih411vi95h4-newlib-arm-none-eabi-4.3.0.20230120/arm-none-eabi/lib/libc.a(libc_a-exit.o)
 .debug_abbrev  0x000007d6      0x435 /nix/store/0w054nmny8r8c0wdl8r9zih411vi95h4-newlib-arm-none-eabi-4.3.0.20230120/arm-none-eabi/lib/libc.a(libc_a-findfp.o)
 .debug_abbrev  0x00000c0b      0x19b /nix/store/0w054nmny8r8c0wdl8r9zih411vi95h4-newlib-arm-none-eabi-4.3.0.20230120/arm-none-eabi/lib/libc.a(libc_a-fwalk.o)
 .debug_abbrev  0x00000da6      0x206 /nix/store/0w054nmny8r8c0wdl8r9zih411vi95h4-newlib-arm-none-eabi-4.3.0.20230120/arm-none-eabi/lib/libc.a(libc_a-stdio.o)
 .debug_abbrev  0x00000fac      0x1b0 /nix/store/0w054nmny8r8c0wdl8r9zih411vi95h4-newlib-arm-none-eabi-4.3.0.20230120/arm-none-eabi/lib/libc.a(libc_a-closer.o)
 .debug_abbrev  0x0000115c      0x1ef /nix/store/0w054nmny8r8c0wdl8r9zih411vi95h4-newlib-arm-none-eabi-4.3.0.20230120/arm-none-eabi/lib/libc.a(libc_a-reent.o)
 .debug_abbrev  0x0000134b      0x149 /nix/store/0w054nmny8r8c0wdl8r9zih411vi95h4-newlib-arm-none-eabi-4.3.0.20230120/arm-none-eabi/lib/libc.a(libc_a-impure.o)
 .debug_abbrev  0x00001494      0x1c4 /nix/store/0w054nmny8r8c0wdl8r9zih411vi95h4-newlib-arm-none-eabi-4.3.0.20230120/arm-none-eabi/lib/libc.a(libc_a-lseekr.o)
 .debug_abbrev  0x00001658      0x1b0 /nix/store/0w054nmny8r8c0wdl8r9zih411vi95h4-newlib-arm-none-eabi-4.3.0.20230120/arm-none-eabi/lib/libc.a(libc_a-readr.o)
 .debug_abbrev  0x00001808      0x1b5 /nix/store/0w054nmny8r8c0wdl8r9zih411vi95h4-newlib-arm-none-eabi-4.3.0.20230120/arm-none-eabi/lib/libc.a(libc_a-writer.o)
 .debug_abbrev  0x000019bd       0xc9 /nix/store/0w054nmny8r8c0wdl8r9zih411vi95h4-newlib-arm-none-eabi-4.3.0.20230120/arm-none-eabi/lib/libc.a(libc_a-init.o)
 .debug_abbrev  0x00001a86      0x115 /nix/store/0w054nmny8r8c0wdl8r9zih411vi95h4-newlib-arm-none-eabi-4.3.0.20230120/arm-none-eabi/lib/libc.a(libc_a-lock.o)
 .debug_abbrev  0x00001b9b      0x238 /nix/store/0w054nmny8r8c0wdl8r9zih411vi95h4-newlib-arm-none-eabi-4.3.0.20230120/arm-none-eabi/lib/libc.a(libc_a-freer.o)
 .debug_abbrev  0x00001dd3      0x26a /nix/store/0w054nmny8r8c0wdl8r9zih411vi95h4-newlib-arm-none-eabi-4.3.0.20230120/arm-none-eabi/lib/libc.a(libc_a-mallocr.o)
 .debug_abbrev  0x0000203d      0x1bc /nix/store/0w054nmny8r8c0wdl8r9zih411vi95h4-newlib-arm-none-eabi-4.3.0.20230120/arm-none-eabi/lib/libc.a(libc_a-mlock.o)
 .debug_abbrev  0x000021f9      0x2ab /nix/store/0w054nmny8r8c0wdl8r9zih411vi95h4-newlib-arm-none-eabi-4.3.0.20230120/arm-none-eabi/lib/libc.a(libc_a-fflush.o)
 .debug_abbrev  0x000024a4      0x1da /nix/store/0w054nmny8r8c0wdl8r9zih411vi95h4-newlib-arm-none-eabi-4.3.0.20230120/arm-none-eabi/lib/libc.a(libc_a-sbrkr.o)

.debug_aranges  0x00000000      0x388
 .debug_aranges
                0x00000000       0x20 /nix/store/0w054nmny8r8c0wdl8r9zih411vi95h4-newlib-arm-none-eabi-4.3.0.20230120/arm-none-eabi/lib/crt0.o
 .debug_aranges
                0x00000020      0x108 src/c/pebble-sonos-controller.c.33.o
 .debug_aranges
                0x00000128       0x18 aplite/appinfo.auto.c.33.o
 .debug_aranges
                0x00000140       0x18 aplite/src/resource_ids.auto.c.33.o
 .debug_aranges
                0x00000158       0x18 src/message_keys.auto.c.33.o
 .debug_aranges
                0x00000170       0x20 /nix/store/0w054nmny8r8c0wdl8r9zih411vi95h4-newlib-arm-none-eabi-4.3.0.20230120/arm-none-eabi/lib/libc.a(libc_a-exit.o)
 .debug_aranges
                0x00000190       0x20 /nix/store/0w054nmny8r8c0wdl8r9zih411vi95h4-newlib-arm-none-eabi-4.3.0.20230120/arm-none-eabi/lib/libc.a(libc_a-findfp.o)
 .debug_aranges
                0x000001b0       0x20 /nix/store/0w054nmny8r8c0wdl8r9zih411vi95h4-newlib-arm-none-eabi-4.3.0.20230120/arm-none-eabi/lib/libc.a(libc_a-fwalk.o)
 .debug_aranges
                0x000001d0       0x20 /nix/store/0w054nmny8r8c0wdl8r9zih411vi95h4-newlib-arm-none-eabi-4.3.0.20230120/arm-none-eabi/lib/libc.a(libc_a-stdio.o)
 .debug_aranges
                0x000001f0       0x20 /nix/store/0w054nmny8r8c0wdl8r9zih411vi95h4-newlib-arm-none-eabi-4.3.0.20230120/arm-none-eabi/lib/libc.a(libc_a-closer.o)
 .debug_aranges
                0x00000210       0x20 /nix/store/0w054nmny8r8c0wdl8r9zih411vi95h4-newlib-arm-none-eabi-4.3.0.20230120/arm-none-eabi/lib/libc.a(libc_a-reent.o)
 .debug_aranges
                0x00000230       0x18 /nix/store/0w054nmny8r8c0wdl8r9zih411vi95h4-newlib-arm-none-eabi-4.3.0.20230120/arm-none-eabi/lib/libc.a(libc_a-impure.o)
 .debug_aranges
                0x00000248       0x20 /nix/store/0w054nmny8r8c0wdl8r9zih411vi95h4-newlib-arm-none-eabi-4.3.0.20230120/arm-none-eabi/lib/libc.a(libc_a-lseekr.o)
 .debug_aranges
                0x00000268       0x20 /nix/store/0w054nmny8r8c0wdl8r9zih411vi95h4-newlib-arm-none-eabi-4.3.0.20230120/arm-none-eabi/lib/libc.a(libc_a-readr.o)
 .debug_aranges
                0x00000288       0x20 /nix/store/0w054nmny8r8c0wdl8r9zih411vi95h4-newlib-arm-none-eabi-4.3.0.20230120/arm-none-eabi/lib/libc.a(libc_a-writer.o)
 .debug_aranges
                0x000002a8       0x20 /nix/store/0w054nmny8r8c0wdl8r9zih411vi95h4-newlib-arm-none-eabi-4.3.0.20230120/arm-none-eabi/lib/libc.a(libc_a-init.o)
 .debug_aranges
                0x000002c8       0x20 /nix/store/0w054nmny8r8c0wdl8r9zih411vi95h4-newlib-arm-none-eabi-4.3.0.20230120/arm-none-eabi/lib/libc.a(libc_a-lock.o)
 .debug_aranges
                0x000002e8       0x20 /nix/store/0w054nmny8r8c0wdl8r9zih411vi95h4-newlib-arm-none-eabi-4.3.0.20230120/arm-none-eabi/lib/libc.a(libc_a-freer.o)
 .debug_aranges
                0x00000308       0x20 /nix/store/0w054nmny8r8c0wdl8r9zih411vi95h4-newlib-arm-none-eabi-4.3.0.20230120/arm-none-eabi/lib/libc.a(libc_a-mallocr.o)
 .debug_aranges
                0x00000328       0x20 /nix/store/0w054nmny8r8c0wdl8r9zih411vi95h4-newlib-arm-none-eabi-4.3.0.20230120/arm-none-eabi/lib/libc.a(libc_a-mlock.o)
 .debug_aranges
                0x00000348       0x20 /nix/store/0w054nmny8r8c0wdl8r9zih411vi95h4-newlib-arm-none-eabi-4.3.0.20230120/arm-none-eabi/lib/libc.a(libc_a-fflush.o)
 .debug_aranges
                0x00000368       0x20 /nix/store/0w054nmny8r8c0wdl8r9zih411vi95h4-newlib-arm-none-eabi-4.3.0.20230120/arm-none-eabi/lib/libc.a(libc_a-sbrkr.o)

.debug_str      0x00000000     0x2786
 .debug_str     0x00000000     0x2786 /nix/store/0w054nmny8r8c0wdl8r9zih411vi95h4-newlib-arm-none-eabi-4.3.0.20230120/arm-none-eabi/lib/crt0.o
                                 0x98 (size before relaxing)
 .debug_str     0x00002786     0x1852 src/c/pebble-sonos-controller.c.33.o
 .debug_str     0x00002786      0x3ff aplite/appinfo.auto.c.33.o
 .debug_str     0x00002786      0x275 aplite/src/resource_ids.auto.c.33.o
 .debug_str     0x00002786      0x3e0 src/message_keys.auto.c.33.o
 .debug_str     0x00002786      0x1fd /nix/store/0w054nmny8r8c0wdl8r9zih411vi95h4-newlib-arm-none-eabi-4.3.0.20230120/arm-none-eabi/lib/libc.a(libc_a-exit.o)
 .debug_str     0x00002786      0x77a /nix/store/0w054nmny8r8c0wdl8r9zih411vi95h4-newlib-arm-none-eabi-4.3.0.20230120/arm-none-eabi/lib/libc.a(libc_a-findfp.o)
 .debug_str     0x00002786      0x507 /nix/store/0w054nmny8r8c0wdl8r9zih411vi95h4-newlib-arm-none-eabi-4.3.0.20230120/arm-none-eabi/lib/libc.a(libc_a-fwalk.o)
 .debug_str     0x00002786      0x564 /nix/store/0w054nmny8r8c0wdl8r9zih411vi95h4-newlib-arm-none-eabi-4.3.0.20230120/arm-none-eabi/lib/libc.a(libc_a-stdio.o)
 .debug_str     0x00002786      0x4ed /nix/store/0w054nmny8r8c0wdl8r9zih411vi95h4-newlib-arm-none-eabi-4.3.0.20230120/arm-none-eabi/lib/libc.a(libc_a-closer.o)
 .debug_str     0x00002786      0x516 /nix/store/0w054nmny8r8c0wdl8r9zih411vi95h4-newlib-arm-none-eabi-4.3.0.20230120/arm-none-eabi/lib/libc.a(libc_a-reent.o)
 .debug_str     0x00002786      0x4f7 /nix/store/0w054nmny8r8c0wdl8r9zih411vi95h4-newlib-arm-none-eabi-4.3.0.20230120/arm-none-eabi/lib/libc.a(libc_a-impure.o)
 .debug_str     0x00002786      0x4fb /nix/store/0w054nmny8r8c0wdl8r9zih411vi95h4-newlib-arm-none-eabi-4.3.0.20230120/arm-none-eabi/lib/libc.a(libc_a-lseekr.o)
 .debug_str     0x00002786      0x4fb /nix/store/0w054nmny8r8c0wdl8r9zih411vi95h4-newlib-arm-none-eabi-4.3.0.20230120/arm-none-eabi/lib/libc.a(libc_a-readr.o)
 .debug_str     0x00002786      0x4fd /nix/store/0w054nmny8r8c0wdl8r9zih411vi95h4-newlib-arm-none-eabi-4.3.0.20230120/arm-none-eabi/lib/libc.a(libc_a-writer.o)
 .debug_str     0x00002786      0x238 /nix/store/0w054nmny8r8c0wdl8r9zih411vi95h4-newlib-arm-none-eabi-4.3.0.20230120/arm-none-eabi/lib/libc.a(libc_a-init.o)
 .debug_str     0x00002786      0x36e /nix/store/0w054nmny8r8c0wdl8r9zih411vi95h4-newlib-arm-none-eabi-4.3.0.20230120/arm-none-eabi/lib/libc.a(libc_a-lock.o)
 .debug_str     0x00002786      0x577 /nix/store/0w054nmny8r8c0wdl8r9zih411vi95h4-newlib-arm-none-eabi-4.3.0.20230120/arm-none-eabi/lib/libc.a(libc_a-freer.o)
 .debug_str     0x00002786      0x5d8 /nix/store/0w054nmny8r8c0wdl8r9zih411vi95h4-newlib-arm-none-eabi-4.3.0.20230120/arm-none-eabi/lib/libc.a(libc_a-mallocr.o)
 .debug_str     0x00002786      0x579 /nix/store/0w054nmny8r8c0wdl8r9zih411vi95h4-newlib-arm-none-eabi-4.3.0.20230120/arm-none-eabi/lib/libc.a(libc_a-mlock.o)
 .debug_str     0x00002786      0x5c2 /nix/store/0w054nmny8r8c0wdl8r9zih411vi95h4-newlib-arm-none-eabi-4.3.0.20230120/arm-none-eabi/lib/libc.a(libc_a-fflush.o)
 .debug_str     0x00002786      0x500 /nix/store/0w054nmny8r8c0wdl8r9zih411vi95h4-newlib-arm-none-eabi-4.3.0.20230120/arm-none-eabi/lib/libc.a(libc_a-sbrkr.o)

.debug_loclists
                0x00000000     0x1b35
 .debug_loclists
                0x00000000      0xb4e src/c/pebble-sonos-controller.c.33.o
 .debug_loclists
                0x00000b4e       0x1b /nix/store/0w054nmny8r8c0wdl8r9zih411vi95h4-newlib-arm-none-eabi-4.3.0.20230120/arm-none-eabi/lib/libc.a(libc_a-exit.o)
 .debug_loclists
                0x00000b69      0x344 /nix/store/0w054nmny8r8c0wdl8r9zih411vi95h4-newlib-arm-none-eabi-4.3.0.20230120/arm-none-eabi/lib/libc.a(libc_a-findfp.o)
 .debug_loclists
                0x00000ead       0x93 /nix/store/0w054nmny8r8c0wdl8r9zih411vi95h4-newlib-arm-none-eabi-4.3.0.20230120/arm-none-eabi/lib/libc.a(libc_a-fwalk.o)
 .debug_loclists
                0x00000f40      0x2aa /nix/store/0w054nmny8r8c0wdl8r9zih411vi95h4-newlib-arm-none-eabi-4.3.0.20230120/arm-none-eabi/lib/libc.a(libc_a-stdio.o)
 .debug_loclists
                0x000011ea       0x4b /nix/store/0w054nmny8r8c0wdl8r9zih411vi95h4-newlib-arm-none-eabi-4.3.0.20230120/arm-none-eabi/lib/libc.a(libc_a-closer.o)
 .debug_loclists
                0x00001235       0x7c /nix/store/0w054nmny8r8c0wdl8r9zih411vi95h4-newlib-arm-none-eabi-4.3.0.20230120/arm-none-eabi/lib/libc.a(libc_a-reent.o)
 .debug_loclists
                0x000012b1       0x89 /nix/store/0w054nmny8r8c0wdl8r9zih411vi95h4-newlib-arm-none-eabi-4.3.0.20230120/arm-none-eabi/lib/libc.a(libc_a-lseekr.o)
 .debug_loclists
                0x0000133a       0x89 /nix/store/0w054nmny8r8c0wdl8r9zih411vi95h4-newlib-arm-none-eabi-4.3.0.20230120/arm-none-eabi/lib/libc.a(libc_a-readr.o)
 .debug_loclists
                0x000013c3       0x89 /nix/store/0w054nmny8r8c0wdl8r9zih411vi95h4-newlib-arm-none-eabi-4.3.0.20230120/arm-none-eabi/lib/libc.a(libc_a-writer.o)
 .debug_loclists
                0x0000144c       0x65 /nix/store/0w054nmny8r8c0wdl8r9zih411vi95h4-newlib-arm-none-eabi-4.3.0.20230120/arm-none-eabi/lib/libc.a(libc_a-init.o)
 .debug_loclists
                0x000014b1       0x24 /nix/store/0w054nmny8r8c0wdl8r9zih411vi95h4-newlib-arm-none-eabi-4.3.0.20230120/arm-none-eabi/lib/libc.a(libc_a-lock.o)
 .debug_loclists
                0x000014d5       0xe8 /nix/store/0w054nmny8r8c0wdl8r9zih411vi95h4-newlib-arm-none-eabi-4.3.0.20230120/arm-none-eabi/lib/libc.a(libc_a-freer.o)
 .debug_loclists
                0x000015bd      0x24e /nix/store/0w054nmny8r8c0wdl8r9zih411vi95h4-newlib-arm-none-eabi-4.3.0.20230120/arm-none-eabi/lib/libc.a(libc_a-mallocr.o)
 .debug_loclists
                0x0000180b       0x3c /nix/store/0w054nmny8r8c0wdl8r9zih411vi95h4-newlib-arm-none-eabi-4.3.0.20230120/arm-none-eabi/lib/libc.a(libc_a-mlock.o)
 .debug_loclists
                0x00001847      0x28c /nix/store/0w054nmny8r8c0wdl8r9zih411vi95h4-newlib-arm-none-eabi-4.3.0.20230120/arm-none-eabi/lib/libc.a(libc_a-fflush.o)
 .debug_loclists
                0x00001ad3       0x62 /nix/store/0w054nmny8r8c0wdl8r9zih411vi95h4-newlib-arm-none-eabi-4.3.0.20230120/arm-none-eabi/lib/libc.a(libc_a-sbrkr.o)

.debug_rnglists
                0x00000000      0x24a
 .debug_rnglists
                0x00000000      0x15c src/c/pebble-sonos-controller.c.33.o
 .debug_rnglists
                0x0000015c       0x7e /nix/store/0w054nmny8r8c0wdl8r9zih411vi95h4-newlib-arm-none-eabi-4.3.0.20230120/arm-none-eabi/lib/libc.a(libc_a-findfp.o)
 .debug_rnglists
                0x000001da       0x16 /nix/store/0w054nmny8r8c0wdl8r9zih411vi95h4-newlib-arm-none-eabi-4.3.0.20230120/arm-none-eabi/lib/libc.a(libc_a-freer.o)
 .debug_rnglists
                0x000001f0       0x21 /nix/store/0w054nmny8r8c0wdl8r9zih411vi95h4-newlib-arm-none-eabi-4.3.0.20230120/arm-none-eabi/lib/libc.a(libc_a-mallocr.o)
 .debug_rnglists
                0x00000211       0x39 /nix/store/0w054nmny8r8c0wdl8r9zih411vi95h4-newlib-arm-none-eabi-4.3.0.20230120/arm-none-eabi/lib/libc.a(libc_a-fflush.o)

.debug_frame    0x00000000      0x9fc
 .debug_frame   0x00000000      0x3cc src/c/pebble-sonos-controller.c.33.o
 .debug_frame   0x000003cc       0x28 /nix/store/0w054nmny8r8c0wdl8r9zih411vi95h4-newlib-arm-none-eabi-4.3.0.20230120/arm-none-eabi/lib/libc.a(libc_a-exit.o)
 .debug_frame   0x000003f4      0x170 /nix/store/0w054nmny8r8c0wdl8r9zih411vi95h4-newlib-arm-none-eabi-4.3.0.20230120/arm-none-eabi/lib/libc.a(libc_a-findfp.o)
 .debug_frame   0x00000564       0x40 /nix/store/0w054nmny8r8c0wdl8r9zih411vi95h4-newlib-arm-none-eabi-4.3.0.20230120/arm-none-eabi/lib/libc.a(libc_a-fwalk.o)
 .debug_frame   0x000005a4       0xa0 /nix/store/0w054nmny8r8c0wdl8r9zih411vi95h4-newlib-arm-none-eabi-4.3.0.20230120/arm-none-eabi/lib/libc.a(libc_a-stdio.o)
 .debug_frame   0x00000644       0x34 /nix/store/0w054nmny8r8c0wdl8r9zih411vi95h4-newlib-arm-none-eabi-4.3.0.20230120/arm-none-eabi/lib/libc.a(libc_a-closer.o)
 .debug_frame   0x00000678       0x40 /nix/store/0w054nmny8r8c0wdl8r9zih411vi95h4-newlib-arm-none-eabi-4.3.0.20230120/arm-none-eabi/lib/libc.a(libc_a-reent.o)
 .debug_frame   0x000006b8       0x34 /nix/store/0w054nmny8r8c0wdl8r9zih411vi95h4-newlib-arm-none-eabi-4.3.0.20230120/arm-none-eabi/lib/libc.a(libc_a-lseekr.o)
 .debug_frame   0x000006ec       0x34 /nix/store/0w054nmny8r8c0wdl8r9zih411vi95h4-newlib-arm-none-eabi-4.3.0.20230120/arm-none-eabi/lib/libc.a(libc_a-readr.o)
 .debug_frame   0x00000720       0x34 /nix/store/0w054nmny8r8c0wdl8r9zih411vi95h4-newlib-arm-none-eabi-4.3.0.20230120/arm-none-eabi/lib/libc.a(libc_a-writer.o)
 .debug_frame   0x00000754       0x34 /nix/store/0w054nmny8r8c0wdl8r9zih411vi95h4-newlib-arm-none-eabi-4.3.0.20230120/arm-none-eabi/lib/libc.a(libc_a-init.o)
 .debug_frame   0x00000788       0xb0 /nix/store/0w054nmny8r8c0wdl8r9zih411vi95h4-newlib-arm-none-eabi-4.3.0.20230120/arm-none-eabi/lib/libc.a(libc_a-lock.o)
 .debug_frame   0x00000838       0x40 /nix/store/0w054nmny8r8c0wdl8r9zih411vi95h4-newlib-arm-none-eabi-4.3.0.20230120/arm-none-eabi/lib/libc.a(libc_a-freer.o)
 .debug_frame   0x00000878       0x6c /nix/store/0w054nmny8r8c0wdl8r9zih411vi95h4-newlib-arm-none-eabi-4.3.0.20230120/arm-none-eabi/lib/libc.a(libc_a-mallocr.o)
 .debug_frame   0x000008e4       0x48 /nix/store/0w054nmny8r8c0wdl8r9zih411vi95h4-newlib-arm-none-eabi-4.3.0.20230120/arm-none-eabi/lib/libc.a(libc_a-mlock.o)
 .debug_frame   0x0000092c       0x94 /nix/store/0w054nmny8r8c0wdl8r9zih411vi95h4-newlib-arm-none-eabi-4.3.0.20230120/arm-none-eabi/lib/libc.a(libc_a-fflush.o)
 .debug_frame   0x000009c0       0x3c /nix/store/0w054nmny8r8c0wdl8r9zih411vi95h4-newlib-arm-none-eabi-4.3.0.20230120/arm-none-eabi/lib/libc.a(libc_a-sbrkr.o)
